[21:24:35] ✅ CSV 因子加载 (开盘价): 3024 条, 24 只股票
[21:24:35] 
开始因子分组回测 (截面模式-矩阵优化)...
[21:24:35]   分组数量: 5
[21:24:35]   加权方式: equal
[21:24:35]     └─ 构建矩阵: 0.002s
[21:24:35]     └─ 截面分组(向量化): 0.000s
[21:24:35]     └─ 权重计算(矩阵): 0.000s
[21:24:35]     └─ 收益计算(矩阵): 0.001s
[21:24:35]     └─ 统计指标计算: 0.006s
[21:24:35]     └─ 净值曲线计算: 0.001s
[21:24:35] 
  [图表] [回测引擎] 耗时汇总:
[21:24:35]       统计指标计算                      0.006s ( 34.3%) ######
[21:24:35]       构建矩阵                        0.002s ( 11.8%) ##
[21:24:35]       净值曲线计算                      0.001s (  5.8%) #
[21:24:35]       收益计算(矩阵)                    0.001s (  5.7%) #
[21:24:35]       截面分组(向量化)                   0.000s (  0.0%)
[21:24:35]       权重计算(矩阵)                    0.000s (  0.0%)
[21:24:35]       ─────────────────────────────────────────────
[21:24:35]       总计                          0.018s
[21:24:35] [OK] 回测完成！
[21:24:35] [OK] Already cached: 3024 records, date: 2025-11-18 ~ 2026-05-12
[21:24:35]     [TIME] 创建透视表...
[21:24:35]       透视表完成: (124, 24), 耗时: 0.014s
[21:24:35]     └─ 获取透视表: 0.016s
[21:24:35]     └─ 转换为numpy: 0.000s
[21:24:35]     └─ IC计算: 0.010s
[21:24:35] 
  [图表] [calculate_ic(pearson)] 耗时汇总:
[21:24:35]       获取透视表                       0.016s ( 55.1%) ###########
[21:24:35]       IC计算                        0.010s ( 34.6%) ######
[21:24:35]       转换为numpy                    0.000s (  0.0%)
[21:24:35]       ─────────────────────────────────────────────
[21:24:35]       总计                          0.029s
[21:24:35]     └─ 获取透视表: 0.000s
[21:24:35]     └─ 转换为numpy: 0.000s
[21:24:35]     └─ IC计算: 0.062s
[21:24:35] 
  [图表] [calculate_ic(spearman)] 耗时汇总:
[21:24:35]       IC计算                        0.062s ( 96.9%) ###################
[21:24:35]       获取透视表                       0.000s (  0.0%)
[21:24:35]       转换为numpy                    0.000s (  0.0%)
[21:24:35]       ─────────────────────────────────────────────
[21:24:35]       总计                          0.064s
[21:24:35]     └─ 获取透视表: 0.000s
[21:24:35]     └─ 按年度计算: 0.010s
[21:24:35] 
  [图表] [yearly_analysis] 耗时汇总:
[21:24:35]       按年度计算                       0.010s ( 91.0%) ##################
[21:24:35]       获取透视表                       0.000s (  0.0%)
[21:24:35]       ─────────────────────────────────────────────
[21:24:35]       总计                          0.011s
[21:24:35]     计算IC统计指标...
[21:24:35]     [OK] IC统计指标完成 (0.0s)
[21:24:35]     计算IC衰减 (10个滞后期)...
[21:24:35]     [TIME] calculate_ic_decay (max_lag=10)...
[21:24:35]       IC计算完成, 耗时: 0.053s
[21:24:35]     [TIME] ic_decay_total: 0.055s
[21:24:35]     [OK] IC衰减完成 (0.1s)
[21:24:35]     计算IC分布...
[21:24:35]     [OK] IC分布完成 (0.0s)
[21:24:35]     计算累计IC...
[21:24:35]     [OK] 累计IC完成 (0.0s)
[21:24:35]     计算IC自相关...
[21:24:35]     [OK] IC自相关完成 (0.0s)
[21:24:35] [基准数据] 开始加载: 000300.SH, 2025-11-18 ~ 2026-05-12
[21:24:35] [WARN]️ 基准数据加载失败: No module named 'sqlalchemy'
[21:24:35] [WARN]️ 基准加载失败: cannot access local variable 'pd' where it is not associated with a value
[21:25:34]     计算IC统计指标...
[21:25:34]     计算IC统计指标...
[21:25:34]     [TIME] 创建透视表...
[21:25:34]     [TIME] 创建透视表...
[21:25:34]       透视表完成: (5, 24), 耗时: 0.010s
[21:25:34]       透视表完成: (5, 24), 耗时: 0.010s
[21:25:34]     └─ 获取透视表: 0.017s
[21:25:34]     └─ 获取透视表: 0.018s
[21:25:34]     └─ 转换为numpy: 0.000s
[21:25:34]     └─ 转换为numpy: 0.000s
[21:25:34]     └─ IC计算: 0.001s
[21:25:34]     └─ IC计算: 0.000s
[21:25:34] 
  [图表] [calculate_ic(pearson)] 耗时汇总:
[21:25:34] 
  [图表] [calculate_ic(pearson)] 耗时汇总:
[21:25:34]       获取透视表                       0.017s ( 74.0%) ##############
[21:25:34]       获取透视表                       0.018s ( 75.1%) ###############
[21:25:34]       IC计算                        0.001s (  4.3%)
[21:25:34]       转换为numpy                    0.000s (  0.0%)
[21:25:34]       转换为numpy                    0.000s (  0.0%)
[21:25:34]       IC计算                        0.000s (  0.0%)
[21:25:34]       ─────────────────────────────────────────────
[21:25:34]       ─────────────────────────────────────────────
[21:25:34]       总计                          0.023s
[21:25:34]       总计                          0.024s
[21:25:34]     └─ 获取透视表: 0.000s
[21:25:34]     └─ 获取透视表: 0.000s
[21:25:34]     └─ 转换为numpy: 0.000s
[21:25:34]     └─ 转换为numpy: 0.000s
[21:25:34]     └─ IC计算: 0.005s
[21:25:34]     └─ IC计算: 0.004s
[21:25:34] 
  [图表] [calculate_ic(spearman)] 耗时汇总:
[21:25:34] 
  [图表] [calculate_ic(spearman)] 耗时汇总:
[21:25:34]       IC计算                        0.005s ( 49.7%) #########
[21:25:34]       IC计算                        0.004s ( 45.1%) #########
[21:25:34]       获取透视表                       0.000s (  0.0%)
[21:25:34]       获取透视表                       0.000s (  0.0%)
[21:25:34]       转换为numpy                    0.000s (  0.0%)
[21:25:34]       转换为numpy                    0.000s (  0.0%)
[21:25:34]       ─────────────────────────────────────────────
[21:25:34]       ─────────────────────────────────────────────
[21:25:34]       总计                          0.010s
[21:25:34]       总计                          0.009s
[21:25:34]     [OK] IC统计指标完成 (0.0s)
[21:25:34]     [OK] IC统计指标完成 (0.0s)
[21:25:34]     计算IC衰减 (10个滞后期)...
[21:25:34]     计算IC衰减 (10个滞后期)...
[21:25:34]     [TIME] calculate_ic_decay (max_lag=10)...
[21:25:34]     [TIME] calculate_ic_decay (max_lag=10)...
[21:25:34]       IC计算完成, 耗时: 0.012s
[21:25:34]       IC计算完成, 耗时: 0.020s
[21:25:34]     [TIME] ic_decay_total: 0.021s
[21:25:34]     [TIME] ic_decay_total: 0.024s
[21:25:34]     [OK] IC衰减完成 (0.0s)
[21:25:34]     [OK] IC衰减完成 (0.0s)
[21:25:34]     计算IC分布...
[21:25:34]     计算IC分布...
[21:25:34]     [OK] IC分布完成 (0.0s)
[21:25:34]     [OK] IC分布完成 (0.0s)
[21:25:34]     计算累计IC...
[21:25:34]     计算累计IC...
[21:25:34]     [OK] 累计IC完成 (0.0s)
[21:25:34]     [OK] 累计IC完成 (0.0s)
[21:25:34]     计算IC自相关...
[21:25:34]     计算IC自相关...
[21:25:35]     [OK] IC自相关完成 (0.0s)
[21:25:35]     [OK] IC自相关完成 (0.0s)
[21:25:35]     └─ 获取透视表: 0.000s
[21:25:35]     └─ 获取透视表: 0.000s
[21:25:35]     └─ 按年度计算: 0.013s
[21:25:35] 
  [图表] [yearly_analysis] 耗时汇总:
[21:25:35]     └─ 按年度计算: 0.014s
[21:25:35]       按年度计算                       0.013s ( 80.7%) ################
[21:25:35] 
  [图表] [yearly_analysis] 耗时汇总:
[21:25:35]       获取透视表                       0.000s (  0.0%)
[21:25:35]       按年度计算                       0.014s ( 73.9%) ##############
[21:25:35]       ─────────────────────────────────────────────
[21:25:35]       获取透视表                       0.000s (  0.0%)
[21:25:35]       总计                          0.016s
[21:25:35]       ─────────────────────────────────────────────
[21:25:35]       总计                          0.019s
[21:25:35] 
开始因子分组回测 (截面模式-矩阵优化)...
[21:25:35] 
开始因子分组回测 (截面模式-矩阵优化)...
[21:25:35]   分组数量: 5
[21:25:35]   分组数量: 5
[21:25:35]   加权方式: equal
[21:25:35]   加权方式: equal
[21:25:35]     └─ 构建矩阵: 0.001s
[21:25:35]     └─ 构建矩阵: 0.001s
[21:25:35]     └─ 截面分组(向量化): 0.001s
[21:25:35]     └─ 截面分组(向量化): 0.000s
[21:25:35]     └─ 权重计算(矩阵): 0.000s
[21:25:35]     └─ 权重计算(矩阵): 0.000s
[21:25:35]     └─ 收益计算(矩阵): 0.001s
[21:25:35]     └─ 收益计算(矩阵): 0.000s
[21:25:35]     └─ 统计指标计算: 0.005s
[21:25:35]     └─ 统计指标计算: 0.004s
[21:25:35]     └─ 净值曲线计算: 0.001s
[21:25:35]     └─ 净值曲线计算: 0.001s
[21:25:35] 
  [图表] [回测引擎] 耗时汇总:
[21:25:35] 
  [图表] [回测引擎] 耗时汇总:
[21:25:35]       统计指标计算                      0.005s ( 20.0%) ###
[21:25:35]       统计指标计算                      0.004s ( 17.3%) ###
[21:25:35]       收益计算(矩阵)                    0.001s (  4.1%)
[21:25:35]       构建矩阵                        0.001s (  4.0%)
[21:25:35]       截面分组(向量化)                   0.001s (  3.9%)
[21:25:35]       净值曲线计算                      0.001s (  4.0%)
[21:25:35]       净值曲线计算                      0.001s (  3.9%)
[21:25:35]       截面分组(向量化)                   0.000s (  0.0%)
[21:25:35]       构建矩阵                        0.001s (  3.8%)
[21:25:35]       权重计算(矩阵)                    0.000s (  0.0%)
[21:25:35]       权重计算(矩阵)                    0.000s (  0.0%)
[21:25:35]       收益计算(矩阵)                    0.000s (  0.0%)
[21:25:35]       (其他)                        0.017s ( 64.3%)
[21:25:35]       (其他)                        0.019s ( 74.6%)
[21:25:35]       ─────────────────────────────────────────────
[21:25:35]       ─────────────────────────────────────────────
[21:25:35]       总计                          0.026s
[21:25:35]       总计                          0.025s
[21:25:35] [OK] 回测完成！
[21:25:35] [OK] 回测完成！
[21:28:46] ✅ CSV 因子加载 (开盘价): 2496 条, 24 只股票
[21:28:46] 
开始因子分组回测 (截面模式-矩阵优化)...
[21:28:46]   分组数量: 5
[21:28:46]   加权方式: equal
[21:28:46]     └─ 构建矩阵: 0.000s
[21:28:46]     └─ 截面分组(向量化): 0.000s
[21:28:46]     └─ 权重计算(矩阵): 0.000s
[21:28:46]     └─ 收益计算(矩阵): 0.000s
[21:28:46]     └─ 统计指标计算: 0.004s
[21:28:46]     └─ 净值曲线计算: 0.000s
[21:28:46] 
  [图表] [回测引擎] 耗时汇总:
[21:28:46]       统计指标计算                      0.004s ( 33.5%) ######
[21:28:46]       构建矩阵                        0.000s (  0.0%)
[21:28:46]       截面分组(向量化)                   0.000s (  0.0%)
[21:28:46]       权重计算(矩阵)                    0.000s (  0.0%)
[21:28:46]       收益计算(矩阵)                    0.000s (  0.0%)
[21:28:46]       净值曲线计算                      0.000s (  0.0%)
[21:28:46]       ─────────────────────────────────────────────
[21:28:46]       总计                          0.012s
[21:28:46] [OK] 回测完成！
[21:28:46] [OK] Already cached: 2496 records, date: 2025-12-18 ~ 2026-05-12
[21:28:46]     [TIME] 创建透视表...
[21:28:46]       透视表完成: (102, 24), 耗时: 0.013s
[21:28:46]     └─ 获取透视表: 0.017s
[21:28:46]     └─ 转换为numpy: 0.000s
[21:28:46]     └─ IC计算: 0.008s
[21:28:46] 
  [图表] [calculate_ic(pearson)] 耗时汇总:
[21:28:46]       获取透视表                       0.017s ( 57.0%) ###########
[21:28:46]       IC计算                        0.008s ( 28.7%) #####
[21:28:46]       转换为numpy                    0.000s (  0.0%)
[21:28:46]       ─────────────────────────────────────────────
[21:28:46]       总计                          0.029s
[21:28:46]     └─ 获取透视表: 0.000s
[21:28:46]     └─ 转换为numpy: 0.000s
[21:28:46]     └─ IC计算: 0.050s
[21:28:46] 
  [图表] [calculate_ic(spearman)] 耗时汇总:
[21:28:46]       IC计算                        0.050s ( 92.4%) ##################
[21:28:46]       获取透视表                       0.000s (  0.0%)
[21:28:46]       转换为numpy                    0.000s (  0.0%)
[21:28:46]       ─────────────────────────────────────────────
[21:28:46]       总计                          0.055s
[21:28:46]     └─ 获取透视表: 0.000s
[21:28:46]     └─ 按年度计算: 0.011s
[21:28:46] 
  [图表] [yearly_analysis] 耗时汇总:
[21:28:46]       按年度计算                       0.011s ( 91.5%) ##################
[21:28:46]       获取透视表                       0.000s (  0.0%)
[21:28:46]       ─────────────────────────────────────────────
[21:28:46]       总计                          0.012s
[21:28:46]     计算IC统计指标...
[21:28:46]     [OK] IC统计指标完成 (0.0s)
[21:28:46]     计算IC衰减 (10个滞后期)...
[21:28:46]     [TIME] calculate_ic_decay (max_lag=10)...
[21:28:46]       IC计算完成, 耗时: 0.042s
[21:28:46]     [TIME] ic_decay_total: 0.046s
[21:28:46]     [OK] IC衰减完成 (0.0s)
[21:28:46]     计算IC分布...
[21:28:46]     [OK] IC分布完成 (0.0s)
[21:28:46]     计算累计IC...
[21:28:46]     [OK] 累计IC完成 (0.0s)
[21:28:46]     计算IC自相关...
[21:28:46]     [OK] IC自相关完成 (0.0s)
[21:28:46] [基准数据] 开始加载: 000300.SH, 2025-12-18 ~ 2026-05-12
[21:28:46] [WARN]️ 基准数据加载失败: No module named 'sqlalchemy'
[21:28:46] [WARN]️ 基准加载失败: cannot access local variable 'pd' where it is not associated with a value
[21:29:57]     计算IC统计指标...
[21:29:57]     计算IC统计指标...
[21:29:57]     [TIME] 创建透视表...
[21:29:57]     [TIME] 创建透视表...
[21:29:57]       透视表完成: (5, 24), 耗时: 0.021s
[21:29:57]       透视表完成: (5, 24), 耗时: 0.013s
[21:29:57]     └─ 获取透视表: 0.024s
[21:29:57]     └─ 获取透视表: 0.024s
[21:29:57]     └─ 转换为numpy: 0.000s
[21:29:57]     └─ 转换为numpy: 0.000s
[21:29:57]     └─ IC计算: 0.002s
[21:29:57]     └─ IC计算: 0.001s
[21:29:57] 
  [图表] [calculate_ic(pearson)] 耗时汇总:
[21:29:57] 
  [图表] [calculate_ic(pearson)] 耗时汇总:
[21:29:57]       获取透视表                       0.024s ( 83.9%) ################
[21:29:57]       获取透视表                       0.024s ( 83.6%) ################
[21:29:57]       IC计算                        0.002s (  7.5%) #
[21:29:57]       IC计算                        0.001s (  3.6%)
[21:29:57]       转换为numpy                    0.000s (  0.0%)
[21:29:57]       转换为numpy                    0.000s (  0.0%)
[21:29:57]       ─────────────────────────────────────────────
[21:29:57]       ─────────────────────────────────────────────
[21:29:57]       总计                          0.028s
[21:29:57]       总计                          0.028s
[21:29:57]     └─ 获取透视表: 0.000s
[21:29:57]     └─ 获取透视表: 0.000s
[21:29:57]     └─ 转换为numpy: 0.001s
[21:29:57]     └─ 转换为numpy: 0.000s
[21:29:57]     └─ IC计算: 0.003s
[21:29:57]     └─ IC计算: 0.003s
[21:29:57] 
  [图表] [calculate_ic(spearman)] 耗时汇总:
[21:29:57] 
  [图表] [calculate_ic(spearman)] 耗时汇总:
[21:29:57]       IC计算                        0.003s ( 24.3%) ####
[21:29:57]       IC计算                        0.003s ( 32.6%) ######
[21:29:57]       转换为numpy                    0.001s (  8.3%) #
[21:29:57]       获取透视表                       0.000s (  0.0%)
[21:29:57]       获取透视表                       0.000s (  0.0%)
[21:29:57]       转换为numpy                    0.000s (  0.0%)
[21:29:57]       ─────────────────────────────────────────────
[21:29:57]       ─────────────────────────────────────────────
[21:29:57]       总计                          0.012s
[21:29:57]       总计                          0.010s
[21:29:57]     [OK] IC统计指标完成 (0.1s)
[21:29:57]     [OK] IC统计指标完成 (0.1s)
[21:29:57]     计算IC衰减 (10个滞后期)...
[21:29:57]     计算IC衰减 (10个滞后期)...
[21:29:57]     [TIME] calculate_ic_decay (max_lag=10)...
[21:29:57]     [TIME] calculate_ic_decay (max_lag=10)...
[21:29:57]       IC计算完成, 耗时: 0.010s
[21:29:57]       IC计算完成, 耗时: 0.010s
[21:29:57]     [TIME] ic_decay_total: 0.024s
[21:29:57]     [TIME] ic_decay_total: 0.024s
[21:29:57]     [OK] IC衰减完成 (0.0s)
[21:29:57]     [OK] IC衰减完成 (0.0s)
[21:29:57]     计算IC分布...
[21:29:57]     计算IC分布...
[21:29:57]     [OK] IC分布完成 (0.0s)
[21:29:57]     [OK] IC分布完成 (0.0s)
[21:29:57]     计算累计IC...
[21:29:57]     计算累计IC...
[21:29:57]     [OK] 累计IC完成 (0.0s)
[21:29:57]     [OK] 累计IC完成 (0.0s)
[21:29:57]     计算IC自相关...
[21:29:57]     计算IC自相关...
[21:29:57]     [OK] IC自相关完成 (0.0s)
[21:29:57]     [OK] IC自相关完成 (0.0s)
[21:29:57]     └─ 获取透视表: 0.000s
[21:29:57]     └─ 获取透视表: 0.000s
[21:29:57]     └─ 按年度计算: 0.010s
[21:29:57]     └─ 按年度计算: 0.059s
[21:29:57] 
  [图表] [yearly_analysis] 耗时汇总:
[21:29:57] 
  [图表] [yearly_analysis] 耗时汇总:
[21:29:57]       按年度计算                       0.010s ( 14.3%) ##
[21:29:57]       按年度计算                       0.059s ( 84.3%) ################
[21:29:57]       获取透视表                       0.000s (  0.0%)
[21:29:57]       获取透视表                       0.000s (  0.0%)
[21:29:57]       (其他)                        0.060s ( 85.7%)
[21:29:57]       (其他)                        0.011s ( 15.7%)
[21:29:57]       ─────────────────────────────────────────────
[21:29:57]       ─────────────────────────────────────────────
[21:29:57]       总计                          0.070s
[21:29:57]       总计                          0.070s
[21:29:57] 
开始因子分组回测 (截面模式-矩阵优化)...
[21:29:57] 
开始因子分组回测 (截面模式-矩阵优化)...
[21:29:57]   分组数量: 5
[21:29:57]   分组数量: 5
[21:29:57]   加权方式: mkt_val
[21:29:57]   加权方式: mkt_val
[21:29:57]     └─ 构建矩阵: 0.000s
[21:29:57]     └─ 构建矩阵: 0.000s
[21:29:57]     └─ 截面分组(向量化): 0.000s
[21:29:57]     └─ 截面分组(向量化): 0.000s
[21:29:57]     └─ 权重计算(矩阵): 0.000s
[21:29:57]     └─ 权重计算(矩阵): 0.000s
[21:29:57]     └─ 收益计算(矩阵): 0.000s
[21:29:57]     └─ 收益计算(矩阵): 0.001s
[21:29:57]     └─ 统计指标计算: 0.004s
[21:29:57]     └─ 统计指标计算: 0.004s
[21:29:57]     └─ 净值曲线计算: 0.002s
[21:29:57]     └─ 净值曲线计算: 0.001s
[21:29:57] 
  [图表] [回测引擎] 耗时汇总:
[21:29:57] 
  [图表] [回测引擎] 耗时汇总:
[21:29:57]       统计指标计算                      0.004s ( 13.6%) ##
[21:29:57]       统计指标计算                      0.004s ( 14.8%) ##
[21:29:57]       净值曲线计算                      0.002s (  7.2%) #
[21:29:57]       净值曲线计算                      0.001s (  4.1%)
[21:29:57]       构建矩阵                        0.000s (  0.0%)
[21:29:57]       收益计算(矩阵)                    0.001s (  3.8%)
[21:29:57]       截面分组(向量化)                   0.000s (  0.0%)
[21:29:57]       构建矩阵                        0.000s (  0.0%)
[21:29:57]       权重计算(矩阵)                    0.000s (  0.0%)
[21:29:57]       截面分组(向量化)                   0.000s (  0.0%)
[21:29:57]       收益计算(矩阵)                    0.000s (  0.0%)
[21:29:57]       权重计算(矩阵)                    0.000s (  0.0%)
[21:29:57]       (其他)                        0.024s ( 79.2%)
[21:29:57]       (其他)                        0.022s ( 77.3%)
[21:29:57]       ─────────────────────────────────────────────
[21:29:57]       ─────────────────────────────────────────────
[21:29:57]       总计                          0.031s
[21:29:57]       总计                          0.028s
[21:29:57] [OK] 回测完成！
[21:29:57] [OK] 回测完成！
[21:35:38] ✅ CSV 因子加载 (开盘价): 3024 条, 24 只股票
[21:35:38] 
开始因子分组回测 (截面模式-矩阵优化)...
[21:35:38]   分组数量: 5
[21:35:38]   加权方式: equal
[21:35:38]     └─ 构建矩阵: 0.001s
[21:35:38]     └─ 截面分组(向量化): 0.001s
[21:35:38]     └─ 权重计算(矩阵): 0.000s
[21:35:38]     └─ 收益计算(矩阵): 0.002s
[21:35:38]     └─ 统计指标计算: 0.007s
[21:35:38]     └─ 净值曲线计算: 0.002s
[21:35:38] 
  [图表] [回测引擎] 耗时汇总:
[21:35:38]       统计指标计算                      0.007s ( 27.8%) #####
[21:35:38]       净值曲线计算                      0.002s (  8.9%) #
[21:35:38]       收益计算(矩阵)                    0.002s (  8.7%) #
[21:35:38]       截面分组(向量化)                   0.001s (  3.8%)
[21:35:38]       构建矩阵                        0.001s (  3.8%)
[21:35:38]       权重计算(矩阵)                    0.000s (  0.0%)
[21:35:38]       (其他)                        0.012s ( 47.0%)
[21:35:38]       ─────────────────────────────────────────────
[21:35:38]       总计                          0.027s
[21:35:38] [OK] 回测完成！
[21:35:38] [OK] Already cached: 3024 records, date: 2025-11-18 ~ 2026-05-12
[21:35:38]     [TIME] 创建透视表...
[21:35:38]       透视表完成: (124, 24), 耗时: 0.012s
[21:35:38]     └─ 获取透视表: 0.013s
[21:35:38]     └─ 转换为numpy: 0.000s
[21:35:38]     └─ IC计算: 0.012s
[21:35:38] 
  [图表] [calculate_ic(pearson)] 耗时汇总:
[21:35:38]       获取透视表                       0.013s ( 46.7%) #########
[21:35:38]       IC计算                        0.012s ( 44.2%) ########
[21:35:38]       转换为numpy                    0.000s (  0.0%)
[21:35:38]       ─────────────────────────────────────────────
[21:35:38]       总计                          0.028s
[21:35:38]     └─ 获取透视表: 0.000s
[21:35:38]     └─ 转换为numpy: 0.000s
[21:35:38]     └─ IC计算: 0.066s
[21:35:38] 
  [图表] [calculate_ic(spearman)] 耗时汇总:
[21:35:38]       IC计算                        0.066s ( 98.5%) ###################
[21:35:38]       获取透视表                       0.000s (  0.0%)
[21:35:38]       转换为numpy                    0.000s (  0.0%)
[21:35:38]       ─────────────────────────────────────────────
[21:35:38]       总计                          0.067s
[21:35:38]     └─ 获取透视表: 0.000s
[21:35:38]     └─ 按年度计算: 0.012s
[21:35:38] 
  [图表] [yearly_analysis] 耗时汇总:
[21:35:38]       按年度计算                       0.012s (100.0%) ####################
[21:35:38]       获取透视表                       0.000s (  0.0%)
[21:35:38]       ─────────────────────────────────────────────
[21:35:38]       总计                          0.012s
[21:35:38]     计算IC统计指标...
[21:35:38]     [OK] IC统计指标完成 (0.0s)
[21:35:38]     计算IC衰减 (10个滞后期)...
[21:35:38]     [TIME] calculate_ic_decay (max_lag=10)...
[21:35:38]       IC计算完成, 耗时: 0.054s
[21:35:38]     [TIME] ic_decay_total: 0.058s
[21:35:38]     [OK] IC衰减完成 (0.1s)
[21:35:38]     计算IC分布...
[21:35:38]     [OK] IC分布完成 (0.0s)
[21:35:38]     计算累计IC...
[21:35:38]     [OK] 累计IC完成 (0.0s)
[21:35:38]     计算IC自相关...
[21:35:38]     [OK] IC自相关完成 (0.0s)
[21:35:38] [基准数据] 开始加载: 000300.SH, 2025-11-18 ~ 2026-05-12
[21:35:38] [WARN]️ 基准数据加载失败: No module named 'sqlalchemy'
[21:35:38] [WARN]️ 基准加载失败: cannot access local variable 'pd' where it is not associated with a value
[21:36:30]     计算IC统计指标...
[21:36:30]     计算IC统计指标...
[21:36:30]     [TIME] 创建透视表...
[21:36:30]     [TIME] 创建透视表...
[21:36:30]       透视表完成: (5, 24), 耗时: 0.016s
[21:36:30]       透视表完成: (5, 24), 耗时: 0.000s
[21:36:30]     └─ 获取透视表: 0.016s
[21:36:30]     └─ 获取透视表: 0.016s
[21:36:30]     └─ 转换为numpy: 0.000s
[21:36:30]     └─ 转换为numpy: 0.000s
[21:36:30]     └─ IC计算: 0.016s
[21:36:30]     └─ IC计算: 0.001s
[21:36:30] 
  [图表] [calculate_ic(pearson)] 耗时汇总:
[21:36:30] 
  [图表] [calculate_ic(pearson)] 耗时汇总:
[21:36:30]       获取透视表                       0.016s ( 48.2%) #########
[21:36:30]       获取透视表                       0.016s ( 46.8%) #########
[21:36:30]       IC计算                        0.016s ( 48.2%) #########
[21:36:30]       IC计算                        0.001s (  3.5%)
[21:36:30]       转换为numpy                    0.000s (  0.0%)
[21:36:30]       转换为numpy                    0.000s (  0.0%)
[21:36:30]       ─────────────────────────────────────────────
[21:36:30]       (其他)                        0.017s ( 49.7%)
[21:36:30]       总计                          0.033s
[21:36:30]       ─────────────────────────────────────────────
[21:36:30]       总计                          0.034s
[21:36:30]     └─ 获取透视表: 0.000s
[21:36:30]     └─ 获取透视表: 0.000s
[21:36:30]     └─ 转换为numpy: 0.000s
[21:36:30]     └─ 转换为numpy: 0.000s
[21:36:30]     └─ IC计算: 0.000s
[21:36:30]     └─ IC计算: 0.000s
[21:36:30] 
  [图表] [calculate_ic(spearman)] 耗时汇总:
[21:36:30] 
  [图表] [calculate_ic(spearman)] 耗时汇总:
[21:36:30]       获取透视表                       0.000s (  0.0%)
[21:36:30]       获取透视表                       0.000s (  0.0%)
[21:36:30]       转换为numpy                    0.000s (  0.0%)
[21:36:30]       转换为numpy                    0.000s (  0.0%)
[21:36:30]       IC计算                        0.000s (  0.0%)
[21:36:30]       IC计算                        0.000s (  0.0%)
[21:36:30]       ─────────────────────────────────────────────
[21:36:30]       ─────────────────────────────────────────────
[21:36:30]       总计                          0.001s
[21:36:30]       总计                          0.000s
[21:36:30]     [OK] IC统计指标完成 (0.0s)
[21:36:30]     [OK] IC统计指标完成 (0.1s)
[21:36:30]     计算IC衰减 (10个滞后期)...
[21:36:30]     计算IC衰减 (10个滞后期)...
[21:36:30]     [TIME] calculate_ic_decay (max_lag=10)...
[21:36:30]     [TIME] calculate_ic_decay (max_lag=10)...
[21:36:30]       IC计算完成, 耗时: 0.000s
[21:36:30]       IC计算完成, 耗时: 0.016s
[21:36:30]     [TIME] ic_decay_total: 0.016s
[21:36:30]     [TIME] ic_decay_total: 0.016s
[21:36:30]     [OK] IC衰减完成 (0.0s)
[21:36:30]     [OK] IC衰减完成 (0.0s)
[21:36:30]     计算IC分布...
[21:36:30]     计算IC分布...
[21:36:30]     [OK] IC分布完成 (0.0s)
[21:36:30]     [OK] IC分布完成 (0.0s)
[21:36:30]     计算累计IC...
[21:36:30]     计算累计IC...
[21:36:30]     [OK] 累计IC完成 (0.0s)
[21:36:30]     [OK] 累计IC完成 (0.0s)
[21:36:30]     计算IC自相关...
[21:36:30]     计算IC自相关...
[21:36:30]     [OK] IC自相关完成 (0.0s)
[21:36:30]     [OK] IC自相关完成 (0.0s)
[21:36:30]     └─ 获取透视表: 0.000s
[21:36:31]     └─ 获取透视表: 0.000s
[21:36:31]     └─ 按年度计算: 0.008s
[21:36:31] 
  [图表] [yearly_analysis] 耗时汇总:
[21:36:31]     └─ 按年度计算: 0.010s
[21:36:31]       按年度计算                       0.008s ( 30.2%) ######
[21:36:31] 
  [图表] [yearly_analysis] 耗时汇总:
[21:36:31]       获取透视表                       0.000s (  0.0%)
[21:36:31]       按年度计算                       0.010s ( 57.0%) ###########
[21:36:31]       (其他)                        0.018s ( 69.8%)
[21:36:31]       获取透视表                       0.000s (  0.0%)
[21:36:31]       ─────────────────────────────────────────────
[21:36:31]       ─────────────────────────────────────────────
[21:36:31]       总计                          0.026s
[21:36:31]       总计                          0.018s
[21:36:31] 
开始因子分组回测 (截面模式-矩阵优化)...
[21:36:31] 
开始因子分组回测 (截面模式-矩阵优化)...
[21:36:31]   分组数量: 5
[21:36:31]   分组数量: 5
[21:36:31]   加权方式: equal
[21:36:31]   加权方式: equal
[21:36:31]     └─ 构建矩阵: 0.000s
[21:36:31]     └─ 构建矩阵: 0.000s
[21:36:31]     └─ 截面分组(向量化): 0.000s
[21:36:31]     └─ 截面分组(向量化): 0.000s
[21:36:31]     └─ 权重计算(矩阵): 0.000s
[21:36:31]     └─ 权重计算(矩阵): 0.000s
[21:36:31]     └─ 收益计算(矩阵): 0.000s
[21:36:31]     └─ 收益计算(矩阵): 0.000s
[21:36:31]     └─ 统计指标计算: 0.000s
[21:36:31]     └─ 统计指标计算: 0.016s
[21:36:31]     └─ 净值曲线计算: 0.000s
[21:36:31]     └─ 净值曲线计算: 0.000s
[21:36:31] 
  [图表] [回测引擎] 耗时汇总:
[21:36:31] 
  [图表] [回测引擎] 耗时汇总:
[21:36:31]       构建矩阵                        0.000s (  0.0%)
[21:36:31]       统计指标计算                      0.016s ( 93.2%) ##################
[21:36:31]       截面分组(向量化)                   0.000s (  0.0%)
[21:36:31]       构建矩阵                        0.000s (  0.0%)
[21:36:31]       权重计算(矩阵)                    0.000s (  0.0%)
[21:36:31]       截面分组(向量化)                   0.000s (  0.0%)
[21:36:31]       收益计算(矩阵)                    0.000s (  0.0%)
[21:36:31]       权重计算(矩阵)                    0.000s (  0.0%)
[21:36:31]       统计指标计算                      0.000s (  0.0%)
[21:36:31]       收益计算(矩阵)                    0.000s (  0.0%)
[21:36:31]       净值曲线计算                      0.000s (  0.0%)
[21:36:31]       净值曲线计算                      0.000s (  0.0%)
[21:36:31]       (其他)                        0.018s (100.0%)
[21:36:31]       ─────────────────────────────────────────────
[21:36:31]       ─────────────────────────────────────────────
[21:36:31]       总计                          0.017s
[21:36:31]       总计                          0.018s
[21:36:31] [OK] 回测完成！
[21:36:31] [OK] 回测完成！
[22:27:57] ✅ CSV 因子加载 (开盘价): 3024 条, 24 只股票
[22:27:57] 
开始因子分组回测 (截面模式-矩阵优化)...
[22:27:57]   分组数量: 5
[22:27:57]   加权方式: equal
[22:27:57]     └─ 构建矩阵: 0.002s
[22:27:57]     └─ 截面分组(向量化): 0.000s
[22:27:57]     └─ 权重计算(矩阵): 0.000s
[22:27:57]     └─ 收益计算(矩阵): 0.000s
[22:27:57]     └─ 统计指标计算: 0.009s
[22:27:57]     └─ 净值曲线计算: 0.001s
[22:27:57] 
  [图表] [回测引擎] 耗时汇总:
[22:27:57]       统计指标计算                      0.009s ( 40.1%) ########
[22:27:57]       构建矩阵                        0.002s (  7.9%) #
[22:27:57]       净值曲线计算                      0.001s (  5.9%) #
[22:27:57]       截面分组(向量化)                   0.000s (  0.0%)
[22:27:57]       权重计算(矩阵)                    0.000s (  0.0%)
[22:27:57]       收益计算(矩阵)                    0.000s (  0.0%)
[22:27:57]       (其他)                        0.011s ( 46.1%)
[22:27:57]       ─────────────────────────────────────────────
[22:27:57]       总计                          0.023s
[22:27:57] [OK] 回测完成！
[22:27:57] [OK] Already cached: 3024 records, date: 2025-11-18 ~ 2026-05-12
[22:27:57]     [TIME] 创建透视表...
[22:27:57]       透视表完成: (124, 24), 耗时: 0.026s
[22:27:57]     └─ 获取透视表: 0.029s
[22:27:57]     └─ 转换为numpy: 0.000s
[22:27:57]     └─ IC计算: 0.021s
[22:27:57] 
  [图表] [calculate_ic(pearson)] 耗时汇总:
[22:27:57]       获取透视表                       0.029s ( 50.2%) ##########
[22:27:57]       IC计算                        0.021s ( 36.3%) #######
[22:27:57]       转换为numpy                    0.000s (  0.0%)
[22:27:57]       ─────────────────────────────────────────────
[22:27:57]       总计                          0.059s
[22:27:57]     └─ 获取透视表: 0.000s
[22:27:57]     └─ 转换为numpy: 0.000s
[22:27:57]     └─ IC计算: 0.062s
[22:27:57] 
  [图表] [calculate_ic(spearman)] 耗时汇总:
[22:27:57]       IC计算                        0.062s ( 93.4%) ##################
[22:27:57]       获取透视表                       0.000s (  0.0%)
[22:27:57]       转换为numpy                    0.000s (  0.0%)
[22:27:57]       ─────────────────────────────────────────────
[22:27:57]       总计                          0.066s
[22:27:57]     └─ 获取透视表: 0.000s
[22:27:57]     └─ 按年度计算: 0.010s
[22:27:57] 
  [图表] [yearly_analysis] 耗时汇总:
[22:27:57]       按年度计算                       0.010s ( 90.5%) ##################
[22:27:57]       获取透视表                       0.000s (  0.0%)
[22:27:57]       ─────────────────────────────────────────────
[22:27:57]       总计                          0.011s
[22:27:57]     计算IC统计指标...
[22:27:57]     [OK] IC统计指标完成 (0.0s)
[22:27:57]     计算IC衰减 (10个滞后期)...
[22:27:57]     [TIME] calculate_ic_decay (max_lag=10)...
[22:27:57]       IC计算完成, 耗时: 0.026s
[22:27:57]     [TIME] ic_decay_total: 0.026s
[22:27:57]     [OK] IC衰减完成 (0.0s)
[22:27:57]     计算IC分布...
[22:27:57]     [OK] IC分布完成 (0.0s)
[22:27:57]     计算累计IC...
[22:27:57]     [OK] 累计IC完成 (0.0s)
[22:27:57]     计算IC自相关...
[22:27:57]     [OK] IC自相关完成 (0.0s)
[22:27:57] [基准数据] 开始加载: 000300.SH, 2025-11-18 ~ 2026-05-12
[22:27:57] [WARN]️ 基准数据加载失败: No module named 'sqlalchemy'
[22:27:57] [WARN]️ 基准加载失败: cannot access local variable 'pd' where it is not associated with a value
[22:28:28]     计算IC统计指标...
[22:28:28]     计算IC统计指标...
[22:28:28]     [TIME] 创建透视表...
[22:28:28]     [TIME] 创建透视表...
[22:28:28]       透视表完成: (5, 24), 耗时: 0.009s
[22:28:28]       透视表完成: (5, 24), 耗时: 0.010s
[22:28:28]     └─ 获取透视表: 0.019s
[22:28:28]     └─ 获取透视表: 0.019s
[22:28:28]     └─ 转换为numpy: 0.000s
[22:28:28]     └─ 转换为numpy: 0.000s
[22:28:28]     └─ IC计算: 0.001s
[22:28:28]     └─ IC计算: 0.000s
[22:28:28] 
  [图表] [calculate_ic(pearson)] 耗时汇总:
[22:28:28] 
  [图表] [calculate_ic(pearson)] 耗时汇总:
[22:28:28]       获取透视表                       0.019s ( 88.3%) #################
[22:28:28]       获取透视表                       0.019s ( 88.3%) #################
[22:28:28]       IC计算                        0.001s (  4.0%)
[22:28:28]       转换为numpy                    0.000s (  0.0%)
[22:28:28]       转换为numpy                    0.000s (  0.0%)
[22:28:28]       IC计算                        0.000s (  0.0%)
[22:28:28]       ─────────────────────────────────────────────
[22:28:28]       ─────────────────────────────────────────────
[22:28:28]       总计                          0.022s
[22:28:28]       总计                          0.022s
[22:28:28]     └─ 获取透视表: 0.000s
[22:28:28]     └─ 获取透视表: 0.000s
[22:28:28]     └─ 转换为numpy: 0.000s
[22:28:28]     └─ 转换为numpy: 0.000s
[22:28:28]     └─ IC计算: 0.003s
[22:28:28]     └─ IC计算: 0.002s
[22:28:28] 
  [图表] [calculate_ic(spearman)] 耗时汇总:
[22:28:28] 
  [图表] [calculate_ic(spearman)] 耗时汇总:
[22:28:28]       IC计算                        0.003s ( 26.8%) #####
[22:28:28]       IC计算                        0.002s ( 23.3%) ####
[22:28:28]       获取透视表                       0.000s (  0.0%)
[22:28:28]       获取透视表                       0.000s (  0.0%)
[22:28:28]       转换为numpy                    0.000s (  0.0%)
[22:28:28]       转换为numpy                    0.000s (  0.0%)
[22:28:28]       ─────────────────────────────────────────────
[22:28:28]       ─────────────────────────────────────────────
[22:28:28]       总计                          0.012s
[22:28:28]       总计                          0.010s
[22:28:28]     [OK] IC统计指标完成 (0.0s)
[22:28:28]     [OK] IC统计指标完成 (0.1s)
[22:28:28]     计算IC衰减 (10个滞后期)...
[22:28:28]     计算IC衰减 (10个滞后期)...
[22:28:28]     [TIME] calculate_ic_decay (max_lag=10)...
[22:28:28]     [TIME] calculate_ic_decay (max_lag=10)...
[22:28:28]       IC计算完成, 耗时: 0.035s
[22:28:28]       IC计算完成, 耗时: 0.054s
[22:28:28]     [TIME] ic_decay_total: 0.070s
[22:28:28]     [TIME] ic_decay_total: 0.070s
[22:28:28]     [OK] IC衰减完成 (0.1s)
[22:28:28]     [OK] IC衰减完成 (0.1s)
[22:28:28]     计算IC分布...
[22:28:28]     计算IC分布...
[22:28:28]     [OK] IC分布完成 (0.0s)
[22:28:28]     [OK] IC分布完成 (0.0s)
[22:28:28]     计算累计IC...
[22:28:28]     计算累计IC...
[22:28:28]     [OK] 累计IC完成 (0.0s)
[22:28:28]     [OK] 累计IC完成 (0.0s)
[22:28:28]     计算IC自相关...
[22:28:28]     计算IC自相关...
[22:28:28]     [OK] IC自相关完成 (0.0s)
[22:28:28]     [OK] IC自相关完成 (0.0s)
[22:28:28]     └─ 获取透视表: 0.000s
[22:28:28]     └─ 获取透视表: 0.000s
[22:28:28]     └─ 按年度计算: 0.008s
[22:28:28]     └─ 按年度计算: 0.008s
[22:28:28] 
  [图表] [yearly_analysis] 耗时汇总:
[22:28:28] 
  [图表] [yearly_analysis] 耗时汇总:
[22:28:28]       按年度计算                       0.008s ( 44.0%) ########
[22:28:28]       按年度计算                       0.008s ( 42.2%) ########
[22:28:28]       获取透视表                       0.000s (  0.0%)
[22:28:28]       获取透视表                       0.000s (  0.0%)
[22:28:28]       (其他)                        0.011s ( 56.0%)
[22:28:28]       (其他)                        0.011s ( 57.8%)
[22:28:28]       ─────────────────────────────────────────────
[22:28:28]       ─────────────────────────────────────────────
[22:28:28]       总计                          0.019s
[22:28:28]       总计                          0.019s
[22:28:28] 
开始因子分组回测 (截面模式-矩阵优化)...
[22:28:28] 
开始因子分组回测 (截面模式-矩阵优化)...
[22:28:28]   分组数量: 5
[22:28:28]   分组数量: 5
[22:28:28]   加权方式: equal
[22:28:28]   加权方式: equal
[22:28:28]     └─ 构建矩阵: 0.000s
[22:28:28]     └─ 构建矩阵: 0.003s
[22:28:28]     └─ 截面分组(向量化): 0.000s
[22:28:28]     └─ 截面分组(向量化): 0.000s
[22:28:28]     └─ 权重计算(矩阵): 0.000s
[22:28:28]     └─ 权重计算(矩阵): 0.000s
[22:28:28]     └─ 收益计算(矩阵): 0.000s
[22:28:28]     └─ 收益计算(矩阵): 0.000s
[22:28:28]     └─ 统计指标计算: 0.002s
[22:28:28]     └─ 统计指标计算: 0.004s
[22:28:28]     └─ 净值曲线计算: 0.001s
[22:28:28]     └─ 净值曲线计算: 0.000s
[22:28:28] 
  [图表] [回测引擎] 耗时汇总:
[22:28:28] 
  [图表] [回测引擎] 耗时汇总:
[22:28:28]       统计指标计算                      0.002s (  8.5%) #
[22:28:28]       统计指标计算                      0.004s ( 18.4%) ###
[22:28:28]       净值曲线计算                      0.001s (  3.8%)
[22:28:28]       构建矩阵                        0.003s ( 11.6%) ##
[22:28:28]       构建矩阵                        0.000s (  0.0%)
[22:28:28]       截面分组(向量化)                   0.000s (  0.0%)
[22:28:28]       截面分组(向量化)                   0.000s (  0.0%)
[22:28:28]       权重计算(矩阵)                    0.000s (  0.0%)
[22:28:28]       权重计算(矩阵)                    0.000s (  0.0%)
[22:28:28]       收益计算(矩阵)                    0.000s (  0.0%)
[22:28:28]       收益计算(矩阵)                    0.000s (  0.0%)
[22:28:28]       净值曲线计算                      0.000s (  0.0%)
[22:28:28]       (其他)                        0.024s ( 87.8%)
[22:28:28]       (其他)                        0.016s ( 70.0%)
[22:28:28]       ─────────────────────────────────────────────
[22:28:28]       ─────────────────────────────────────────────
[22:28:28]       总计                          0.027s
[22:28:28]       总计                          0.022s
[22:28:28] [OK] 回测完成！
[22:28:28] [OK] 回测完成！
[22:29:28] ✅ CSV 因子加载 (开盘价): 3024 条, 24 只股票
[22:29:28] 
开始因子分组回测 (截面模式-矩阵优化)...
[22:29:28]   分组数量: 5
[22:29:28]   加权方式: equal
[22:29:28]     └─ 构建矩阵: 0.000s
[22:29:28]     └─ 截面分组(向量化): 0.001s
[22:29:28]     └─ 权重计算(矩阵): 0.000s
[22:29:28]     └─ 收益计算(矩阵): 0.000s
[22:29:28]     └─ 统计指标计算: 0.006s
[22:29:28]     └─ 净值曲线计算: 0.002s
[22:29:28] 
  [图表] [回测引擎] 耗时汇总:
[22:29:28]       统计指标计算                      0.006s ( 29.8%) #####
[22:29:28]       净值曲线计算                      0.002s ( 10.6%) ##
[22:29:28]       截面分组(向量化)                   0.001s (  5.0%)
[22:29:28]       构建矩阵                        0.000s (  0.0%)
[22:29:28]       权重计算(矩阵)                    0.000s (  0.0%)
[22:29:28]       收益计算(矩阵)                    0.000s (  0.0%)
[22:29:28]       (其他)                        0.011s ( 54.7%)
[22:29:28]       ─────────────────────────────────────────────
[22:29:28]       总计                          0.021s
[22:29:28] [OK] 回测完成！
[22:29:28] [OK] Already cached: 3024 records, date: 2025-11-18 ~ 2026-05-12
[22:29:28]     [TIME] 创建透视表...
[22:29:28]       透视表完成: (124, 24), 耗时: 0.012s
[22:29:28]     └─ 获取透视表: 0.013s
[22:29:28]     └─ 转换为numpy: 0.000s
[22:29:28]     └─ IC计算: 0.013s
[22:29:28] 
  [图表] [calculate_ic(pearson)] 耗时汇总:
[22:29:28]       IC计算                        0.013s ( 45.2%) #########
[22:29:28]       获取透视表                       0.013s ( 44.6%) ########
[22:29:28]       转换为numpy                    0.000s (  0.0%)
[22:29:28]       ─────────────────────────────────────────────
[22:29:28]       总计                          0.028s
[22:29:28]     └─ 获取透视表: 0.000s
[22:29:28]     └─ 转换为numpy: 0.000s
[22:29:28]     └─ IC计算: 0.063s
[22:29:28] 
  [图表] [calculate_ic(spearman)] 耗时汇总:
[22:29:28]       IC计算                        0.063s ( 94.9%) ##################
[22:29:28]       获取透视表                       0.000s (  0.0%)
[22:29:28]       转换为numpy                    0.000s (  0.0%)
[22:29:28]       ─────────────────────────────────────────────
[22:29:28]       总计                          0.067s
[22:29:28]     └─ 获取透视表: 0.000s
[22:29:28]     └─ 按年度计算: 0.010s
[22:29:28] 
  [图表] [yearly_analysis] 耗时汇总:
[22:29:28]       按年度计算                       0.010s ( 87.6%) #################
[22:29:28]       获取透视表                       0.000s (  0.0%)
[22:29:28]       ─────────────────────────────────────────────
[22:29:28]       总计                          0.012s
[22:29:28]     计算IC统计指标...
[22:29:28]     [OK] IC统计指标完成 (0.0s)
[22:29:28]     计算IC衰减 (10个滞后期)...
[22:29:28]     [TIME] calculate_ic_decay (max_lag=10)...
[22:29:28]       IC计算完成, 耗时: 0.048s
[22:29:28]     [TIME] ic_decay_total: 0.048s
[22:29:28]     [OK] IC衰减完成 (0.1s)
[22:29:28]     计算IC分布...
[22:29:28]     [OK] IC分布完成 (0.0s)
[22:29:28]     计算累计IC...
[22:29:29]     [OK] 累计IC完成 (0.0s)
[22:29:29]     计算IC自相关...
[22:29:29]     [OK] IC自相关完成 (0.0s)
[22:29:29] [基准数据] 开始加载: 000300.SH, 2025-11-18 ~ 2026-05-12
[22:29:29] [WARN]️ 基准数据加载失败: No module named 'sqlalchemy'
[22:29:29] [WARN]️ 基准加载失败: cannot access local variable 'pd' where it is not associated with a value
